Log entries:
{ServerJoined: timestamp='2010-12-16 05:13:39.052021000' location='rs8'}
{ServerJoined: timestamp='2010-12-16 05:13:39.052041000' location='rs1'}
{ServerJoined: timestamp='2010-12-16 05:13:39.052056000' location='rs7'}
{ServerJoined: timestamp='2010-12-16 05:13:39.052066000' location='rs3'}
{ServerJoined: timestamp='2010-12-16 05:13:39.052075000' location='rs2'}
{ServerJoined: timestamp='2010-12-16 05:13:39.052084000' location='rs6'}
{ServerJoined: timestamp='2010-12-16 05:13:39.052093000' location='rs4'}
{ServerJoined: timestamp='2010-12-16 05:13:39.052102000' location='rs5'}
{RangeAssigned: timestamp='2010-12-16 05:13:39.052113000' table={TableIdentifier: id='1' generation=0} range={RangeSpec: start='A' end='B'}' transfer_log='/logs/1' soft_limit=1234 location='rs3'}
{ServerLeft: timestamp='2010-12-16 05:13:39.052127000' location='rs3'}
{RangeAssigned: timestamp='2010-12-16 05:13:39.052138000' table={TableIdentifier: id='1' generation=0} range={RangeSpec: start='B' end='C'}' transfer_log='/logs/2' soft_limit=2345 location='rs6'}
{RangeAssigned: timestamp='2010-12-16 05:13:39.052176000' table={TableIdentifier: id='1' generation=0} range={RangeSpec: start='C' end='D'}' transfer_log='/logs/3' soft_limit=3456 location='rs7'}
{ServerLeft: timestamp='2010-12-16 05:13:39.052189000' location='rs1'}
{RangeLoaded: timestamp='2010-12-16 05:13:39.052199000' table={TableIdentifier: id='1' generation=0} range={RangeSpec: start='B' end='C'}' location='rs6'}
{ServerLeft: timestamp='2010-12-16 05:13:39.052210000' location='rs5'}
{ServerRemoved: timestamp='2010-12-16 05:13:39.052220000' location='rs5'}
{MmlRecover: timestamp='2010-12-16 05:13:39.052228000'}
{ServerJoined: timestamp='2010-12-16 05:13:39.052237000' location='rs9'}
{ServerJoined: timestamp='2010-12-16 05:13:39.052246000' location='rs11'}
{ServerJoined: timestamp='2010-12-16 05:13:39.052255000' location='rs12'}
{ServerJoined: timestamp='2010-12-16 05:13:39.052264000' location='rs10'}
{RangeAssigned: timestamp='2010-12-16 05:13:39.052274000' table={TableIdentifier: id='1' generation=0} range={RangeSpec: start='E' end='F'}' transfer_log='/logs/4' soft_limit=4567 location='rs11'}
{ServerLeft: timestamp='2010-12-16 05:13:39.052295000' location='rs7'}
{RangeAssigned: timestamp='2010-12-16 05:13:39.052306000' table={TableIdentifier: id='1' generation=0} range={RangeSpec: start='F' end='G'}' transfer_log='/logs/5' soft_limit=5678 location='rs4'}
{RangeAssigned: timestamp='2010-12-16 05:13:39.052318000' table={TableIdentifier: id='1' generation=0} range={RangeSpec: start='G' end='H'}' transfer_log='/logs/6' soft_limit=6789 location='rs7'}
{RangeLoaded: timestamp='2010-12-16 05:13:39.052331000' table={TableIdentifier: id='1' generation=0} range={RangeSpec: start='G' end='H'}' location='rs7'}
{RangeLoaded: timestamp='2010-12-16 05:13:39.052343000' table={TableIdentifier: id='1' generation=0} range={RangeSpec: start='E' end='F'}' location='rs11'}
{ServerLeft: timestamp='2010-12-16 05:13:39.052355000' location='rs10'}
Range states:
{ServerStateInfo: location=rs1
  transactions=[
    {ServerLeft: timestamp='2010-12-16 05:13:39.053416000' location='rs1'}
  ]
}
{ServerStateInfo: location=rs10
  transactions=[
    {ServerLeft: timestamp='2010-12-16 05:13:39.053425000' location='rs10'}
  ]
}
{ServerStateInfo: location=rs11
}
{ServerStateInfo: location=rs12
}
{ServerStateInfo: location=rs2
}
{ServerStateInfo: location=rs3
  transactions=[
    {RangeAssigned: timestamp='2010-12-16 05:13:39.053431000' table={TableIdentifier: id='1' generation=0} range={RangeSpec: start='A' end='B'}' transfer_log='/logs/1' soft_limit=1234 location='rs3'}
    {ServerLeft: timestamp='2010-12-16 05:13:39.053438000' location='rs3'}
  ]
}
{ServerStateInfo: location=rs4
  transactions=[
    {RangeAssigned: timestamp='2010-12-16 05:13:39.053443000' table={TableIdentifier: id='1' generation=0} range={RangeSpec: start='F' end='G'}' transfer_log='/logs/5' soft_limit=5678 location='rs4'}
  ]
}
{ServerStateInfo: location=rs6
}
{ServerStateInfo: location=rs7
  transactions=[
    {RangeAssigned: timestamp='2010-12-16 05:13:39.053450000' table={TableIdentifier: id='1' generation=0} range={RangeSpec: start='C' end='D'}' transfer_log='/logs/3' soft_limit=3456 location='rs7'}
    {ServerLeft: timestamp='2010-12-16 05:13:39.053474000' location='rs7'}
  ]
}
{ServerStateInfo: location=rs8
}
{ServerStateInfo: location=rs9
}
