INSERT INTO foo VALUES (INS,r,c,v,-9223372036854775807,0,-9223372036854775806)
INSERT INTO foo VALUES (INS,r,c,v,2012-0-0 0:0:0:0,0,-9223372036854775806)
INSERT INTO foo VALUES (INS,r,c,v,2012-8-0 0:0:0:0,0,-9223372036854775806)
INSERT INTO foo VALUES (INS,r,c,v,2012-8-17 0:0:0:0,0,-9223372036854775806)
INSERT INTO foo VALUES (INS,r,c,v,2012-8-17 10:0:0:0,0,-9223372036854775806)
INSERT INTO foo VALUES (INS,r,c,v,2012-8-17 10:37:0:0,0,-9223372036854775806)
INSERT INTO foo VALUES (INS,r,c,v,2012-8-17 10:37:22:0,0,-9223372036854775806)
INSERT INTO foo VALUES (INS,r,c,v,2012-8-17 10:37:22:234820344,0,-9223372036854775806)
INSERT INTO foo VALUES (INS,r,c,v,-9223372036854775807,0,-9223372036854775806)
INSERT INTO foo VALUES (INS,r,c,v,-9223372036854775807,0,-9223372036854775806)
INSERT INTO foo VALUES (INS,r,c,v,-9223372036854775807,0,-9223372036854775806)(INS,r2,c:q,v2,-9223372036854775807,0,-9223372036854775806)
INSERT INTO foo VALUES (INS,r,c,v,[2010-0-0 0:0:0:0,2012-0-0 0:0:0:0],0,-9223372036854775806)
INSERT INTO foo VALUES (INS,r,c,v,[2010-0-0 0:0:0:0,2012-0-0 0:0:0:0),0,-9223372036854775806)
INSERT INTO foo VALUES (INS,r,c,v,(2010-0-0 0:0:0:0,2012-0-0 0:0:0:0],0,-9223372036854775806)
INSERT INTO foo VALUES (INS,r,c,v,(2010-0-0 0:0:0:0,2012-0-0 0:0:0:0),0,-9223372036854775806)
INSERT INTO foo VALUES (INS,r,c,v,[2010-1-0 0:0:0:0,2012-0-0 0:0:0:0],0,-9223372036854775806)
INSERT INTO foo VALUES (INS,r,c,v,[2010-1-2 0:0:0:0,2012-0-0 0:0:0:0],0,-9223372036854775806)
INSERT INTO foo VALUES (INS,r,c,v,[2010-1-2 10:0:0:0,2012-0-0 0:0:0:0],0,-9223372036854775806)
INSERT INTO foo VALUES (INS,r,c,v,[2010-1-2 10:30:0:0,2012-0-0 0:0:0:0],0,-9223372036854775806)
INSERT INTO foo VALUES (INS,r,c,v,[2010-1-2 10:30:2:0,2012-0-0 0:0:0:0],0,-9223372036854775806)
INSERT INTO foo VALUES (INS,r,c,v,[2010-1-2 10:30:2:123456789,2012-0-0 0:0:0:0],0,-9223372036854775806)
INSERT INTO foo VALUES (INS,r,c,v,[2010-1-2 10:30:2:123456789,2012-1-0 0:0:0:0],0,-9223372036854775806)
INSERT INTO foo VALUES (INS,r,c,v,[2010-1-2 10:30:2:123456789,2012-1-2 0:0:0:0],0,-9223372036854775806)
INSERT INTO foo VALUES (INS,r,c,v,[2010-1-2 10:30:2:123456789,2012-1-2 8:0:0:0],0,-9223372036854775806)
INSERT INTO foo VALUES (INS,r,c,v,[2010-1-2 10:30:2:123456789,2012-1-2 8:0:0:0],0,-9223372036854775806)
INSERT INTO foo VALUES (INS,r,c,v,[2010-1-2 10:30:2:123456789,2012-1-2 8:0:30:0],0,-9223372036854775806)
INSERT INTO foo VALUES (INS,r,c,v,[2010-1-2 10:30:2:123456789,2012-1-2 8:0:30:123123123],0,-9223372036854775806)
INSERT INTO foo VALUES (INS,r,c,v,-9223372036854775806,0,-9223372036854775806)
INSERT INTO foo VALUES (INS,r,c,v,-9223372036854775808,0,-9223372036854775806)
INSERT INTO foo VALUES (INS,r,c,v,9223372036854775807,0,-9223372036854775806)
INSERT INTO foo VALUES (INS,r,c,v,-9223372036854775807,0,-9223372036854775806)
INSERT INTO foo VALUES (INS,r,c,v,-9223372036854775806,2,234)
INSERT INTO foo VALUES (INS,r,c,v,-9223372036854775806,2,2010-1-2 10:30:2:123456789)
INSERT INTO foo VALUES (INS,r,c:q,v,-9223372036854775807,0,-9223372036854775806)
INSERT INTO foo VALUES (INS,r,c:q,v,-9223372036854775807,0,-9223372036854775806)
INSERT INTO foo VALUES (INS,r,c:q,v,-9223372036854775807,0,-9223372036854775806)
INSERT INTO foo VALUES (INS,r,c:q,v,-9223372036854775807,0,-9223372036854775806)
INSERT INTO foo VALUES (INS,r,c:q:2,v,-9223372036854775807,0,-9223372036854775806)
INSERT INTO foo VALUES (INS,r1,c:q1,v1,-9223372036854775807,0,-9223372036854775806)(DEL,r2,c:q2,-9223372036854775807,0,-9223372036854775806)(DEL1,r3,c:q3,2012-1-1 0:0:0:0,0,-9223372036854775806)
INSERT INTO foo VALUES (INS,r1,c:q1,v1,-9223372036854775807,0,-9223372036854775806)(DEL,r2,c:q2,[2010-0-0 0:0:0:0,2012-0-0 0:0:0:0],0,-9223372036854775806)(DEL1,r3,c:q3,2012-1-1 0:0:0:0,0,-9223372036854775806)
INSERT INTO foo VALUES (INS,r1,c:q1,v1,-9223372036854775807,0,-9223372036854775806)(DEL,r2,c:q2,(2010-0-0 0:0:0:0,2012-0-0 0:0:0:0],0,-9223372036854775806)(DEL1,r3,c:q3,2012-1-1 0:0:0:0,0,-9223372036854775806)
INSERT INTO foo VALUES (INS,r1,c:q1,v1,-9223372036854775807,0,-9223372036854775806)(DEL,r2,c:q2,[2010-1-2 10:0:0:0,2010-1-2 16:0:0:0],0,-9223372036854775806)(DEL1,r3,c:q3,2012-1-1 0:0:0:0,0,-9223372036854775806)
Error: Expecting <value> here: " (del1, "r3", c:q3)"
