boo=true (default)
i16=64000
i32=20000000
i64=8000000000
i64s=[16000000000, 32000000000]
str=foo
strs=[s1, s2]
